<?xml version="1.0" encoding="UTF-8"?>
<TestRun id="e6cd90c3-f73e-46f0-ab54-941c90ea2d93" name="chuck@MEDOZE 2010-12-19 19:16:33" runUser="medoze\chuck" xmlns="http://microsoft.com/schemas/VisualStudio/TeamTest/2010">
  <TestSettings name="Default Test Settings" id="adc67b09-91c7-4440-ac0c-41e7b18eb14d">
    <Deployment runDeploymentRoot="chuck_MEDOZE 2010-12-19 19_16_33">
      <DeploymentItem filename="C:\Users\chuck\Desktop\repos\FeedMe\EnterpriseProject\NET40\Moq.dll" />
      <DeploymentItem filename="C:\Users\chuck\Desktop\repos\FeedMe\EnterpriseProject\bin\EnterpriseProject.dll" />
    </Deployment>
    <Execution>
      <TestTypeSpecific />
      <AgentRule name="Execution Agents">
      </AgentRule>
    </Execution>
  </TestSettings>
  <Times creation="2010-12-19T19:16:33.0032602+00:00" queuing="2010-12-19T19:16:34.0740739+00:00" start="2010-12-19T19:16:34.8105656+00:00" finish="2010-12-19T19:16:38.4438591+00:00" />
  <ResultSummary outcome="Completed">
    <Counters total="10" executed="10" passed="10" error="0" failed="0" timeout="0" aborted="0" inconclusive="0" passedButRunAborted="0" notRunnable="0" notExecuted="0" disconnected="0" warning="0" completed="0" inProgress="0" pending="0" />
  </ResultSummary>
  <TestDefinitions>
    <UnitTest name="CanMapToAccounts_LogOff" storage="c:\users\chuck\desktop\repos\feedme\enterpriseproject.tests\bin\debug\enterpriseproject.tests.dll" id="80755ce1-26b3-cc24-8304-0a1028eb0c45">
      <Execution id="e2ef644b-85b5-41a9-b748-5d35db3ff40b" />
      <TestMethod codeBase="C:/Users/chuck/Desktop/repos/FeedMe/EnterpriseProject.Tests/bin/Debug/EnterpriseProject.Tests.DLL" adapterTypeName="Microsoft.VisualStudio.TestTools.TestTypes.Unit.UnitTestAdapter, Microsoft.VisualStudio.QualityTools.Tips.UnitTest.Adapter, Version=10.0.0.0, Culture=neutral, PublicKeyToken=b03f5f7f11d50a3a" className="EnterpriseProject.Tests.Controllers.ControllerRoutingTest, EnterpriseProject.Tests, Version=1.0.0.0, Culture=neutral, PublicKeyToken=null" name="CanMapToAccounts_LogOff" />
    </UnitTest>
    <UnitTest name="CanMapToAccounts_Register" storage="c:\users\chuck\desktop\repos\feedme\enterpriseproject.tests\bin\debug\enterpriseproject.tests.dll" id="08800c93-4285-307c-1375-d90af60690bb">
      <Execution id="3493cd5a-7971-4e42-8d78-1c56a483704b" />
      <TestMethod codeBase="C:/Users/chuck/Desktop/repos/FeedMe/EnterpriseProject.Tests/bin/Debug/EnterpriseProject.Tests.DLL" adapterTypeName="Microsoft.VisualStudio.TestTools.TestTypes.Unit.UnitTestAdapter, Microsoft.VisualStudio.QualityTools.Tips.UnitTest.Adapter, Version=10.0.0.0, Culture=neutral, PublicKeyToken=b03f5f7f11d50a3a" className="EnterpriseProject.Tests.Controllers.ControllerRoutingTest, EnterpriseProject.Tests, Version=1.0.0.0, Culture=neutral, PublicKeyToken=null" name="CanMapToAccounts_Register" />
    </UnitTest>
    <UnitTest name="CanMapToFriends_Index" storage="c:\users\chuck\desktop\repos\feedme\enterpriseproject.tests\bin\debug\enterpriseproject.tests.dll" id="c54f75ab-f7e6-6644-68eb-e6d40be050c0">
      <Execution id="b53d44fd-a4da-49cb-a73f-6bfff0ac9c1a" />
      <TestMethod codeBase="C:/Users/chuck/Desktop/repos/FeedMe/EnterpriseProject.Tests/bin/Debug/EnterpriseProject.Tests.DLL" adapterTypeName="Microsoft.VisualStudio.TestTools.TestTypes.Unit.UnitTestAdapter, Microsoft.VisualStudio.QualityTools.Tips.UnitTest.Adapter, Version=10.0.0.0, Culture=neutral, PublicKeyToken=b03f5f7f11d50a3a" className="EnterpriseProject.Tests.Controllers.ControllerRoutingTest, EnterpriseProject.Tests, Version=1.0.0.0, Culture=neutral, PublicKeyToken=null" name="CanMapToFriends_Index" />
    </UnitTest>
    <UnitTest name="Index" storage="c:\users\chuck\desktop\repos\feedme\enterpriseproject.tests\bin\debug\enterpriseproject.tests.dll" id="ffb01ede-271b-d092-f374-540ad14a8553">
      <Execution id="07077ca8-b662-4e17-bd79-211e67b5a7e7" />
      <TestMethod codeBase="C:/Users/chuck/Desktop/repos/FeedMe/EnterpriseProject.Tests/bin/Debug/EnterpriseProject.Tests.DLL" adapterTypeName="Microsoft.VisualStudio.TestTools.TestTypes.Unit.UnitTestAdapter, Microsoft.VisualStudio.QualityTools.Tips.UnitTest.Adapter, Version=10.0.0.0, Culture=neutral, PublicKeyToken=b03f5f7f11d50a3a" className="EnterpriseProject.Tests.Controllers.HomeControllerTest, EnterpriseProject.Tests, Version=1.0.0.0, Culture=neutral, PublicKeyToken=null" name="Index" />
    </UnitTest>
    <UnitTest name="CanMapToAccounts_ChangePassword" storage="c:\users\chuck\desktop\repos\feedme\enterpriseproject.tests\bin\debug\enterpriseproject.tests.dll" id="7bcd19ef-ff2d-17a1-c799-3ddf15bb07af">
      <Execution id="48920b7d-6439-4c0c-b25a-fe4f5de87857" />
      <TestMethod codeBase="C:/Users/chuck/Desktop/repos/FeedMe/EnterpriseProject.Tests/bin/Debug/EnterpriseProject.Tests.DLL" adapterTypeName="Microsoft.VisualStudio.TestTools.TestTypes.Unit.UnitTestAdapter, Microsoft.VisualStudio.QualityTools.Tips.UnitTest.Adapter, Version=10.0.0.0, Culture=neutral, PublicKeyToken=b03f5f7f11d50a3a" className="EnterpriseProject.Tests.Controllers.ControllerRoutingTest, EnterpriseProject.Tests, Version=1.0.0.0, Culture=neutral, PublicKeyToken=null" name="CanMapToAccounts_ChangePassword" />
    </UnitTest>
    <UnitTest name="LogOn" storage="c:\users\chuck\desktop\repos\feedme\enterpriseproject.tests\bin\debug\enterpriseproject.tests.dll" id="fd707946-62aa-cf95-8617-a7c4ee2b589f">
      <Execution id="89103ff2-c05b-4042-8a99-06d7f289c7ed" />
      <TestMethod codeBase="C:/Users/chuck/Desktop/repos/FeedMe/EnterpriseProject.Tests/bin/Debug/EnterpriseProject.Tests.DLL" adapterTypeName="Microsoft.VisualStudio.TestTools.TestTypes.Unit.UnitTestAdapter, Microsoft.VisualStudio.QualityTools.Tips.UnitTest.Adapter, Version=10.0.0.0, Culture=neutral, PublicKeyToken=b03f5f7f11d50a3a" className="EnterpriseProject.Tests.Controllers.AccountControllerTest, EnterpriseProject.Tests, Version=1.0.0.0, Culture=neutral, PublicKeyToken=null" name="LogOn" />
    </UnitTest>
    <UnitTest name="CanMapToFriends_Show" storage="c:\users\chuck\desktop\repos\feedme\enterpriseproject.tests\bin\debug\enterpriseproject.tests.dll" id="24a88fba-68a9-d2ce-9fc6-d9cd3fc5261a">
      <Execution id="6bbca633-bf57-4d8e-9923-d74153c019b0" />
      <TestMethod codeBase="C:/Users/chuck/Desktop/repos/FeedMe/EnterpriseProject.Tests/bin/Debug/EnterpriseProject.Tests.DLL" adapterTypeName="Microsoft.VisualStudio.TestTools.TestTypes.Unit.UnitTestAdapter, Microsoft.VisualStudio.QualityTools.Tips.UnitTest.Adapter, Version=10.0.0.0, Culture=neutral, PublicKeyToken=b03f5f7f11d50a3a" className="EnterpriseProject.Tests.Controllers.ControllerRoutingTest, EnterpriseProject.Tests, Version=1.0.0.0, Culture=neutral, PublicKeyToken=null" name="CanMapToFriends_Show" />
    </UnitTest>
    <UnitTest name="CanMapToAccounts_ChangePasswordSuccess" storage="c:\users\chuck\desktop\repos\feedme\enterpriseproject.tests\bin\debug\enterpriseproject.tests.dll" id="00ce9a54-4746-e156-d706-7ff260c23010">
      <Execution id="d63fe7df-148c-40a0-bb89-6604fbe3d7c3" />
      <TestMethod codeBase="C:/Users/chuck/Desktop/repos/FeedMe/EnterpriseProject.Tests/bin/Debug/EnterpriseProject.Tests.DLL" adapterTypeName="Microsoft.VisualStudio.TestTools.TestTypes.Unit.UnitTestAdapter, Microsoft.VisualStudio.QualityTools.Tips.UnitTest.Adapter, Version=10.0.0.0, Culture=neutral, PublicKeyToken=b03f5f7f11d50a3a" className="EnterpriseProject.Tests.Controllers.ControllerRoutingTest, EnterpriseProject.Tests, Version=1.0.0.0, Culture=neutral, PublicKeyToken=null" name="CanMapToAccounts_ChangePasswordSuccess" />
    </UnitTest>
    <UnitTest name="CanMapToAccounts_LogOn" storage="c:\users\chuck\desktop\repos\feedme\enterpriseproject.tests\bin\debug\enterpriseproject.tests.dll" id="07a472ee-5d51-7c25-c2fe-0a30f9d5d3fd">
      <Execution id="028787c3-3296-4696-b434-6b75ee298f17" />
      <TestMethod codeBase="C:/Users/chuck/Desktop/repos/FeedMe/EnterpriseProject.Tests/bin/Debug/EnterpriseProject.Tests.DLL" adapterTypeName="Microsoft.VisualStudio.TestTools.TestTypes.Unit.UnitTestAdapter, Microsoft.VisualStudio.QualityTools.Tips.UnitTest.Adapter, Version=10.0.0.0, Culture=neutral, PublicKeyToken=b03f5f7f11d50a3a" className="EnterpriseProject.Tests.Controllers.ControllerRoutingTest, EnterpriseProject.Tests, Version=1.0.0.0, Culture=neutral, PublicKeyToken=null" name="CanMapToAccounts_LogOn" />
    </UnitTest>
    <UnitTest name="About" storage="c:\users\chuck\desktop\repos\feedme\enterpriseproject.tests\bin\debug\enterpriseproject.tests.dll" id="b52d15b4-5b56-72cc-4111-5824d79f490b">
      <Execution id="44932bd8-2eb6-4538-99c5-c4d738030e3c" />
      <TestMethod codeBase="C:/Users/chuck/Desktop/repos/FeedMe/EnterpriseProject.Tests/bin/Debug/EnterpriseProject.Tests.DLL" adapterTypeName="Microsoft.VisualStudio.TestTools.TestTypes.Unit.UnitTestAdapter, Microsoft.VisualStudio.QualityTools.Tips.UnitTest.Adapter, Version=10.0.0.0, Culture=neutral, PublicKeyToken=b03f5f7f11d50a3a" className="EnterpriseProject.Tests.Controllers.HomeControllerTest, EnterpriseProject.Tests, Version=1.0.0.0, Culture=neutral, PublicKeyToken=null" name="About" />
    </UnitTest>
  </TestDefinitions>
  <TestLists>
    <TestList name="Results Not in a List" id="8c84fa94-04c1-424b-9868-57a2d4851a1d" />
    <TestList name="All Loaded Results" id="19431567-8539-422a-85d7-44ee4e166bda" />
  </TestLists>
  <TestEntries>
    <TestEntry testId="00ce9a54-4746-e156-d706-7ff260c23010" executionId="d63fe7df-148c-40a0-bb89-6604fbe3d7c3" testListId="8c84fa94-04c1-424b-9868-57a2d4851a1d" />
    <TestEntry testId="07a472ee-5d51-7c25-c2fe-0a30f9d5d3fd" executionId="028787c3-3296-4696-b434-6b75ee298f17" testListId="8c84fa94-04c1-424b-9868-57a2d4851a1d" />
    <TestEntry testId="08800c93-4285-307c-1375-d90af60690bb" executionId="3493cd5a-7971-4e42-8d78-1c56a483704b" testListId="8c84fa94-04c1-424b-9868-57a2d4851a1d" />
    <TestEntry testId="24a88fba-68a9-d2ce-9fc6-d9cd3fc5261a" executionId="6bbca633-bf57-4d8e-9923-d74153c019b0" testListId="8c84fa94-04c1-424b-9868-57a2d4851a1d" />
    <TestEntry testId="7bcd19ef-ff2d-17a1-c799-3ddf15bb07af" executionId="48920b7d-6439-4c0c-b25a-fe4f5de87857" testListId="8c84fa94-04c1-424b-9868-57a2d4851a1d" />
    <TestEntry testId="80755ce1-26b3-cc24-8304-0a1028eb0c45" executionId="e2ef644b-85b5-41a9-b748-5d35db3ff40b" testListId="8c84fa94-04c1-424b-9868-57a2d4851a1d" />
    <TestEntry testId="b52d15b4-5b56-72cc-4111-5824d79f490b" executionId="44932bd8-2eb6-4538-99c5-c4d738030e3c" testListId="8c84fa94-04c1-424b-9868-57a2d4851a1d" />
    <TestEntry testId="c54f75ab-f7e6-6644-68eb-e6d40be050c0" executionId="b53d44fd-a4da-49cb-a73f-6bfff0ac9c1a" testListId="8c84fa94-04c1-424b-9868-57a2d4851a1d" />
    <TestEntry testId="fd707946-62aa-cf95-8617-a7c4ee2b589f" executionId="89103ff2-c05b-4042-8a99-06d7f289c7ed" testListId="8c84fa94-04c1-424b-9868-57a2d4851a1d" />
    <TestEntry testId="ffb01ede-271b-d092-f374-540ad14a8553" executionId="07077ca8-b662-4e17-bd79-211e67b5a7e7" testListId="8c84fa94-04c1-424b-9868-57a2d4851a1d" />
  </TestEntries>
  <Results>
    <UnitTestResult executionId="d63fe7df-148c-40a0-bb89-6604fbe3d7c3" testId="00ce9a54-4746-e156-d706-7ff260c23010" testName="CanMapToAccounts_ChangePasswordSuccess" computerName="MEDOZE" duration="00:00:01.1486144" startTime="2010-12-19T19:16:35.0681902+00:00" endTime="2010-12-19T19:16:36.9138443+00:00" testType="13cdc9d9-ddb5-4fa4-a97d-d965ccfc6d4b" outcome="Passed" testListId="8c84fa94-04c1-424b-9868-57a2d4851a1d" relativeResultsDirectory="d63fe7df-148c-40a0-bb89-6604fbe3d7c3">
    </UnitTestResult>
    <UnitTestResult executionId="028787c3-3296-4696-b434-6b75ee298f17" testId="07a472ee-5d51-7c25-c2fe-0a30f9d5d3fd" testName="CanMapToAccounts_LogOn" computerName="MEDOZE" duration="00:00:00.0240768" startTime="2010-12-19T19:16:36.9344936+00:00" endTime="2010-12-19T19:16:37.0249572+00:00" testType="13cdc9d9-ddb5-4fa4-a97d-d965ccfc6d4b" outcome="Passed" testListId="8c84fa94-04c1-424b-9868-57a2d4851a1d" relativeResultsDirectory="028787c3-3296-4696-b434-6b75ee298f17">
    </UnitTestResult>
    <UnitTestResult executionId="3493cd5a-7971-4e42-8d78-1c56a483704b" testId="08800c93-4285-307c-1375-d90af60690bb" testName="CanMapToAccounts_Register" computerName="MEDOZE" duration="00:00:00.0277010" startTime="2010-12-19T19:16:37.0377401+00:00" endTime="2010-12-19T19:16:37.0928049+00:00" testType="13cdc9d9-ddb5-4fa4-a97d-d965ccfc6d4b" outcome="Passed" testListId="8c84fa94-04c1-424b-9868-57a2d4851a1d" relativeResultsDirectory="3493cd5a-7971-4e42-8d78-1c56a483704b">
    </UnitTestResult>
    <UnitTestResult executionId="6bbca633-bf57-4d8e-9923-d74153c019b0" testId="24a88fba-68a9-d2ce-9fc6-d9cd3fc5261a" testName="CanMapToFriends_Show" computerName="MEDOZE" duration="00:00:00.0174600" startTime="2010-12-19T19:16:37.1350868+00:00" endTime="2010-12-19T19:16:37.1783520+00:00" testType="13cdc9d9-ddb5-4fa4-a97d-d965ccfc6d4b" outcome="Passed" testListId="8c84fa94-04c1-424b-9868-57a2d4851a1d" relativeResultsDirectory="6bbca633-bf57-4d8e-9923-d74153c019b0">
    </UnitTestResult>
    <UnitTestResult executionId="48920b7d-6439-4c0c-b25a-fe4f5de87857" testId="7bcd19ef-ff2d-17a1-c799-3ddf15bb07af" testName="CanMapToAccounts_ChangePassword" computerName="MEDOZE" duration="00:00:00.0495630" startTime="2010-12-19T19:16:37.3199472+00:00" endTime="2010-12-19T19:16:37.4723587+00:00" testType="13cdc9d9-ddb5-4fa4-a97d-d965ccfc6d4b" outcome="Passed" testListId="8c84fa94-04c1-424b-9868-57a2d4851a1d" relativeResultsDirectory="48920b7d-6439-4c0c-b25a-fe4f5de87857">
    </UnitTestResult>
    <UnitTestResult executionId="e2ef644b-85b5-41a9-b748-5d35db3ff40b" testId="80755ce1-26b3-cc24-8304-0a1028eb0c45" testName="CanMapToAccounts_LogOff" computerName="MEDOZE" duration="00:00:00.0210672" startTime="2010-12-19T19:16:37.4812084+00:00" endTime="2010-12-19T19:16:37.5510227+00:00" testType="13cdc9d9-ddb5-4fa4-a97d-d965ccfc6d4b" outcome="Passed" testListId="8c84fa94-04c1-424b-9868-57a2d4851a1d" relativeResultsDirectory="e2ef644b-85b5-41a9-b748-5d35db3ff40b">
    </UnitTestResult>
    <UnitTestResult executionId="44932bd8-2eb6-4538-99c5-c4d738030e3c" testId="b52d15b4-5b56-72cc-4111-5824d79f490b" testName="About" computerName="MEDOZE" duration="00:00:00.0036225" startTime="2010-12-19T19:16:37.5677388+00:00" endTime="2010-12-19T19:16:37.5923213+00:00" testType="13cdc9d9-ddb5-4fa4-a97d-d965ccfc6d4b" outcome="Passed" testListId="8c84fa94-04c1-424b-9868-57a2d4851a1d" relativeResultsDirectory="44932bd8-2eb6-4538-99c5-c4d738030e3c">
    </UnitTestResult>
    <UnitTestResult executionId="b53d44fd-a4da-49cb-a73f-6bfff0ac9c1a" testId="c54f75ab-f7e6-6644-68eb-e6d40be050c0" testName="CanMapToFriends_Index" computerName="MEDOZE" duration="00:00:00.0285321" startTime="2010-12-19T19:16:37.6021543+00:00" endTime="2010-12-19T19:16:37.6434529+00:00" testType="13cdc9d9-ddb5-4fa4-a97d-d965ccfc6d4b" outcome="Passed" testListId="8c84fa94-04c1-424b-9868-57a2d4851a1d" relativeResultsDirectory="b53d44fd-a4da-49cb-a73f-6bfff0ac9c1a">
    </UnitTestResult>
    <UnitTestResult executionId="89103ff2-c05b-4042-8a99-06d7f289c7ed" testId="fd707946-62aa-cf95-8617-a7c4ee2b589f" testName="LogOn" computerName="MEDOZE" duration="00:00:00.0773084" startTime="2010-12-19T19:16:37.6503360+00:00" endTime="2010-12-19T19:16:37.7624322+00:00" testType="13cdc9d9-ddb5-4fa4-a97d-d965ccfc6d4b" outcome="Passed" testListId="8c84fa94-04c1-424b-9868-57a2d4851a1d" relativeResultsDirectory="89103ff2-c05b-4042-8a99-06d7f289c7ed">
    </UnitTestResult>
    <UnitTestResult executionId="07077ca8-b662-4e17-bd79-211e67b5a7e7" testId="ffb01ede-271b-d092-f374-540ad14a8553" testName="Index" computerName="MEDOZE" duration="00:00:00.0027989" startTime="2010-12-19T19:16:37.7879980+00:00" endTime="2010-12-19T19:16:37.8106139+00:00" testType="13cdc9d9-ddb5-4fa4-a97d-d965ccfc6d4b" outcome="Passed" testListId="8c84fa94-04c1-424b-9868-57a2d4851a1d" relativeResultsDirectory="07077ca8-b662-4e17-bd79-211e67b5a7e7">
    </UnitTestResult>
  </Results>
</TestRun>